// Jest Snapshot v1, https://goo.gl/fbAQLP

exports[`Dummy test 1`] = `
<Component
  compiler="TS"
  framework="React"
>
  <h1>
    Hello World! from 
    TS
     and 
    React
    !
  </h1>
</Component>
`;
